// Vitest Snapshot v1, https://vitest.dev/guide/snapshot.html

exports[`against the real SDK catalog > produces a stable surface (snapshot) 1`] = `
[
  {
    "char": null,
    "flag": "accent",
    "flagAliases": [],
    "key": "accent",
    "kind": "text",
    "modelCount": 8,
    "optionCount": null,
    "requiredCount": 0,
    "valueType": null,
  },
  {
    "char": null,
    "flag": "aigc-watermark",
    "flagAliases": [],
    "key": "aigcWatermark",
    "kind": "boolean",
    "modelCount": 2,
    "optionCount": null,
    "requiredCount": 0,
    "valueType": null,
  },
  {
    "char": null,
    "flag": "aspect-ratio",
    "flagAliases": [
      "ar",
    ],
    "key": "aspectRatio",
    "kind": "enum",
    "modelCount": 106,
    "optionCount": 27,
    "requiredCount": 0,
    "valueType": "string",
  },
  {
    "char": null,
    "flag": "audio-id",
    "flagAliases": [],
    "key": "audioId",
    "kind": "text",
    "modelCount": 1,
    "optionCount": null,
    "requiredCount": 0,
    "valueType": null,
  },
  {
    "char": null,
    "flag": "audio-setting",
    "flagAliases": [],
    "key": "audioSetting",
    "kind": "enum",
    "modelCount": 1,
    "optionCount": 2,
    "requiredCount": 0,
    "valueType": "string",
  },
  {
    "char": "a",
    "flag": "audio",
    "flagAliases": [],
    "key": "audioUrl",
    "kind": "file",
    "modelCount": 13,
    "optionCount": null,
    "requiredCount": 10,
    "valueType": null,
  },
  {
    "char": null,
    "flag": "audio-urls",
    "flagAliases": [],
    "key": "audioUrls",
    "kind": "file",
    "modelCount": 5,
    "optionCount": null,
    "requiredCount": 0,
    "valueType": null,
  },
  {
    "char": null,
    "flag": "background",
    "flagAliases": [],
    "key": "background",
    "kind": "enum",
    "modelCount": 2,
    "optionCount": 2,
    "requiredCount": 0,
    "valueType": "string",
  },
  {
    "char": null,
    "flag": "bit-rate",
    "flagAliases": [],
    "key": "bitRate",
    "kind": "range",
    "modelCount": 1,
    "optionCount": null,
    "requiredCount": 0,
    "valueType": null,
  },
  {
    "char": null,
    "flag": "cfg-scale",
    "flagAliases": [
      "cfg",
    ],
    "key": "cfgScale",
    "kind": "range",
    "modelCount": 5,
    "optionCount": null,
    "requiredCount": 0,
    "valueType": null,
  },
  {
    "char": null,
    "flag": "character-orientation",
    "flagAliases": [
      "orientation",
    ],
    "key": "characterOrientation",
    "kind": "enum",
    "modelCount": 2,
    "optionCount": 2,
    "requiredCount": 0,
    "valueType": "string",
  },
  {
    "char": null,
    "flag": "container",
    "flagAliases": [],
    "key": "container",
    "kind": "enum",
    "modelCount": 1,
    "optionCount": 3,
    "requiredCount": 0,
    "valueType": "string",
  },
  {
    "char": "n",
    "flag": "count",
    "flagAliases": [],
    "key": "count",
    "kind": "enum",
    "modelCount": 53,
    "optionCount": 10,
    "requiredCount": 0,
    "valueType": "number",
  },
  {
    "char": "d",
    "flag": "duration",
    "flagAliases": [],
    "key": "duration",
    "kind": "enum",
    "modelCount": 63,
    "optionCount": 23,
    "requiredCount": 0,
    "valueType": "number",
  },
  {
    "char": null,
    "flag": "edit-strength",
    "flagAliases": [],
    "key": "editStrength",
    "kind": "enum",
    "modelCount": 1,
    "optionCount": 9,
    "requiredCount": 0,
    "valueType": "string",
  },
  {
    "char": null,
    "flag": "element-description",
    "flagAliases": [],
    "key": "elementDescription",
    "kind": "text",
    "modelCount": 1,
    "optionCount": null,
    "requiredCount": 1,
    "valueType": null,
  },
  {
    "char": null,
    "flag": "element-list",
    "flagAliases": [],
    "key": "elementList",
    "kind": "object",
    "modelCount": 2,
    "optionCount": null,
    "requiredCount": 0,
    "valueType": null,
  },
  {
    "char": null,
    "flag": "element-name",
    "flagAliases": [],
    "key": "elementName",
    "kind": "text",
    "modelCount": 1,
    "optionCount": null,
    "requiredCount": 1,
    "valueType": null,
  },
  {
    "char": null,
    "flag": "element-voice-id",
    "flagAliases": [],
    "key": "elementVoiceId",
    "kind": "text",
    "modelCount": 1,
    "optionCount": null,
    "requiredCount": 0,
    "valueType": null,
  },
  {
    "char": null,
    "flag": "enable-copyright-detection",
    "flagAliases": [],
    "key": "enableCopyrightDetection",
    "kind": "boolean",
    "modelCount": 1,
    "optionCount": null,
    "requiredCount": 0,
    "valueType": null,
  },
  {
    "char": null,
    "flag": "encoding",
    "flagAliases": [],
    "key": "encoding",
    "kind": "enum",
    "modelCount": 1,
    "optionCount": 2,
    "requiredCount": 0,
    "valueType": "string",
  },
  {
    "char": null,
    "flag": "end-frame",
    "flagAliases": [],
    "key": "endFrame",
    "kind": "file",
    "modelCount": 15,
    "optionCount": null,
    "requiredCount": 0,
    "valueType": null,
  },
  {
    "char": null,
    "flag": "enhance-prompt",
    "flagAliases": [],
    "key": "enhancePrompt",
    "kind": "boolean",
    "modelCount": 11,
    "optionCount": null,
    "requiredCount": 0,
    "valueType": null,
  },
  {
    "char": null,
    "flag": "exr-export",
    "flagAliases": [],
    "key": "exrExport",
    "kind": "boolean",
    "modelCount": 2,
    "optionCount": null,
    "requiredCount": 0,
    "valueType": null,
  },
  {
    "char": null,
    "flag": "format",
    "flagAliases": [],
    "key": "format",
    "kind": "enum",
    "modelCount": 2,
    "optionCount": 4,
    "requiredCount": 0,
    "valueType": "string",
  },
  {
    "char": null,
    "flag": "generate-audio",
    "flagAliases": [
      "audio-gen",
    ],
    "key": "generateAudio",
    "kind": "boolean",
    "modelCount": 27,
    "optionCount": null,
    "requiredCount": 0,
    "valueType": null,
  },
  {
    "char": null,
    "flag": "grounding",
    "flagAliases": [],
    "key": "grounding",
    "kind": "boolean",
    "modelCount": 1,
    "optionCount": null,
    "requiredCount": 0,
    "valueType": null,
  },
  {
    "char": null,
    "flag": "hdr",
    "flagAliases": [],
    "key": "hdr",
    "kind": "boolean",
    "modelCount": 2,
    "optionCount": null,
    "requiredCount": 0,
    "valueType": null,
  },
  {
    "char": null,
    "flag": "human-fidelity",
    "flagAliases": [
      "fidelity",
    ],
    "key": "humanFidelity",
    "kind": "range",
    "modelCount": 4,
    "optionCount": null,
    "requiredCount": 0,
    "valueType": null,
  },
  {
    "char": null,
    "flag": "image-reference",
    "flagAliases": [],
    "key": "imageReference",
    "kind": "enum",
    "modelCount": 2,
    "optionCount": 2,
    "requiredCount": 0,
    "valueType": "string",
  },
  {
    "char": "i",
    "flag": "image",
    "flagAliases": [],
    "key": "imageUrls",
    "kind": "file",
    "modelCount": 121,
    "optionCount": null,
    "requiredCount": 40,
    "valueType": null,
  },
  {
    "char": null,
    "flag": "image-weight",
    "flagAliases": [
      "weight",
    ],
    "key": "imageWeight",
    "kind": "range",
    "modelCount": 18,
    "optionCount": null,
    "requiredCount": 0,
    "valueType": null,
  },
  {
    "char": null,
    "flag": "is-instrumental",
    "flagAliases": [],
    "key": "isInstrumental",
    "kind": "boolean",
    "modelCount": 2,
    "optionCount": null,
    "requiredCount": 0,
    "valueType": null,
  },
  {
    "char": null,
    "flag": "keep-original-sound",
    "flagAliases": [
      "keep-audio",
    ],
    "key": "keepOriginalSound",
    "kind": "enum",
    "modelCount": 2,
    "optionCount": 2,
    "requiredCount": 0,
    "valueType": "string",
  },
  {
    "char": null,
    "flag": "language",
    "flagAliases": [],
    "key": "language",
    "kind": "text",
    "modelCount": 8,
    "optionCount": null,
    "requiredCount": 0,
    "valueType": null,
  },
  {
    "char": null,
    "flag": "loop",
    "flagAliases": [],
    "key": "loop",
    "kind": "boolean",
    "modelCount": 1,
    "optionCount": null,
    "requiredCount": 0,
    "valueType": null,
  },
  {
    "char": null,
    "flag": "lora-weights",
    "flagAliases": [],
    "key": "loraWeights",
    "kind": "object",
    "modelCount": 1,
    "optionCount": null,
    "requiredCount": 0,
    "valueType": null,
  },
  {
    "char": null,
    "flag": "loudness-rate",
    "flagAliases": [],
    "key": "loudnessRate",
    "kind": "range",
    "modelCount": 2,
    "optionCount": null,
    "requiredCount": 0,
    "valueType": null,
  },
  {
    "char": null,
    "flag": "lyrics-optimizer",
    "flagAliases": [],
    "key": "lyricsOptimizer",
    "kind": "boolean",
    "modelCount": 1,
    "optionCount": null,
    "requiredCount": 0,
    "valueType": null,
  },
  {
    "char": null,
    "flag": "lyrics-prompt",
    "flagAliases": [],
    "key": "lyricsPrompt",
    "kind": "text",
    "modelCount": 1,
    "optionCount": null,
    "requiredCount": 0,
    "valueType": null,
  },
  {
    "char": null,
    "flag": "model-version",
    "flagAliases": [],
    "key": "model",
    "kind": "enum",
    "modelCount": 3,
    "optionCount": 32,
    "requiredCount": 0,
    "valueType": "string",
  },
  {
    "char": null,
    "flag": "multi-prompt",
    "flagAliases": [],
    "key": "multiPrompt",
    "kind": "object",
    "modelCount": 2,
    "optionCount": null,
    "requiredCount": 0,
    "valueType": null,
  },
  {
    "char": null,
    "flag": "multi-shot",
    "flagAliases": [],
    "key": "multiShot",
    "kind": "boolean",
    "modelCount": 2,
    "optionCount": null,
    "requiredCount": 0,
    "valueType": null,
  },
  {
    "char": null,
    "flag": "negative-prompt",
    "flagAliases": [
      "neg-prompt",
      "neg",
    ],
    "key": "negativePrompt",
    "kind": "text",
    "modelCount": 33,
    "optionCount": null,
    "requiredCount": 0,
    "valueType": null,
  },
  {
    "char": null,
    "flag": "num-inference-steps",
    "flagAliases": [],
    "key": "numInferenceSteps",
    "kind": "range",
    "modelCount": 1,
    "optionCount": null,
    "requiredCount": 0,
    "valueType": null,
  },
  {
    "char": null,
    "flag": "omni-image-list",
    "flagAliases": [],
    "key": "omniImageList",
    "kind": "object",
    "modelCount": 1,
    "optionCount": null,
    "requiredCount": 0,
    "valueType": null,
  },
  {
    "char": null,
    "flag": "omni-video-list",
    "flagAliases": [],
    "key": "omniVideoList",
    "kind": "object",
    "modelCount": 1,
    "optionCount": null,
    "requiredCount": 0,
    "valueType": null,
  },
  {
    "char": null,
    "flag": "output-format",
    "flagAliases": [
      "format",
    ],
    "key": "outputFormat",
    "kind": "enum",
    "modelCount": 4,
    "optionCount": 5,
    "requiredCount": 0,
    "valueType": "string",
  },
  {
    "char": null,
    "flag": "pitch-rate",
    "flagAliases": [],
    "key": "pitchRate",
    "kind": "range",
    "modelCount": 2,
    "optionCount": null,
    "requiredCount": 0,
    "valueType": null,
  },
  {
    "char": "p",
    "flag": "prompt",
    "flagAliases": [],
    "key": "prompt",
    "kind": "text",
    "modelCount": 179,
    "optionCount": null,
    "requiredCount": 161,
    "valueType": null,
  },
  {
    "char": null,
    "flag": "prompt-extend-mode",
    "flagAliases": [],
    "key": "promptExtendMode",
    "kind": "enum",
    "modelCount": 1,
    "optionCount": 2,
    "requiredCount": 0,
    "valueType": "string",
  },
  {
    "char": null,
    "flag": "quality",
    "flagAliases": [],
    "key": "quality",
    "kind": "enum",
    "modelCount": 9,
    "optionCount": 7,
    "requiredCount": 0,
    "valueType": "string",
  },
  {
    "char": null,
    "flag": "reference-type",
    "flagAliases": [],
    "key": "referenceType",
    "kind": "enum",
    "modelCount": 1,
    "optionCount": 2,
    "requiredCount": 1,
    "valueType": "string",
  },
  {
    "char": null,
    "flag": "remove-bg-noise",
    "flagAliases": [],
    "key": "removeBackgroundNoise",
    "kind": "boolean",
    "modelCount": 2,
    "optionCount": null,
    "requiredCount": 0,
    "valueType": null,
  },
  {
    "char": null,
    "flag": "rendering-speed",
    "flagAliases": [
      "speed",
    ],
    "key": "renderingSpeed",
    "kind": "enum",
    "modelCount": 11,
    "optionCount": 11,
    "requiredCount": 0,
    "valueType": "string",
  },
  {
    "char": "r",
    "flag": "resolution",
    "flagAliases": [],
    "key": "resolution",
    "kind": "enum",
    "modelCount": 65,
    "optionCount": 59,
    "requiredCount": 0,
    "valueType": "string",
  },
  {
    "char": null,
    "flag": "return-last-frame",
    "flagAliases": [],
    "key": "returnLastFrame",
    "kind": "boolean",
    "modelCount": 6,
    "optionCount": null,
    "requiredCount": 0,
    "valueType": null,
  },
  {
    "char": null,
    "flag": "sample-rate",
    "flagAliases": [],
    "key": "sampleRate",
    "kind": "enum",
    "modelCount": 3,
    "optionCount": 6,
    "requiredCount": 0,
    "valueType": "number",
  },
  {
    "char": null,
    "flag": "scene-image",
    "flagAliases": [],
    "key": "sceneImage",
    "kind": "file",
    "modelCount": 2,
    "optionCount": null,
    "requiredCount": 0,
    "valueType": null,
  },
  {
    "char": null,
    "flag": "seed",
    "flagAliases": [],
    "key": "seed",
    "kind": "range",
    "modelCount": 1,
    "optionCount": null,
    "requiredCount": 0,
    "valueType": null,
  },
  {
    "char": null,
    "flag": "shot-type",
    "flagAliases": [],
    "key": "shotType",
    "kind": "enum",
    "modelCount": 2,
    "optionCount": 2,
    "requiredCount": 0,
    "valueType": "string",
  },
  {
    "char": null,
    "flag": "similarity",
    "flagAliases": [],
    "key": "similarity",
    "kind": "range",
    "modelCount": 1,
    "optionCount": null,
    "requiredCount": 0,
    "valueType": null,
  },
  {
    "char": null,
    "flag": "size",
    "flagAliases": [],
    "key": "size",
    "kind": "enum",
    "modelCount": 1,
    "optionCount": 7,
    "requiredCount": 0,
    "valueType": "string",
  },
  {
    "char": null,
    "flag": "source-image-id",
    "flagAliases": [
      "source-id",
    ],
    "key": "sourceImageId",
    "kind": "text",
    "modelCount": 1,
    "optionCount": null,
    "requiredCount": 1,
    "valueType": null,
  },
  {
    "char": null,
    "flag": "speech-rate",
    "flagAliases": [],
    "key": "speechRate",
    "kind": "range",
    "modelCount": 2,
    "optionCount": null,
    "requiredCount": 0,
    "valueType": null,
  },
  {
    "char": null,
    "flag": "start-frame",
    "flagAliases": [],
    "key": "startFrame",
    "kind": "file",
    "modelCount": 22,
    "optionCount": null,
    "requiredCount": 4,
    "valueType": null,
  },
  {
    "char": null,
    "flag": "static-mask",
    "flagAliases": [],
    "key": "staticMask",
    "kind": "file",
    "modelCount": 2,
    "optionCount": null,
    "requiredCount": 0,
    "valueType": null,
  },
  {
    "char": null,
    "flag": "style",
    "flagAliases": [],
    "key": "style",
    "kind": "enum",
    "modelCount": 10,
    "optionCount": 293,
    "requiredCount": 0,
    "valueType": "string",
  },
  {
    "char": null,
    "flag": "style-image",
    "flagAliases": [],
    "key": "styleImage",
    "kind": "file",
    "modelCount": 2,
    "optionCount": null,
    "requiredCount": 0,
    "valueType": null,
  },
  {
    "char": null,
    "flag": "thinking",
    "flagAliases": [],
    "key": "thinking",
    "kind": "enum",
    "modelCount": 3,
    "optionCount": 4,
    "requiredCount": 0,
    "valueType": "string",
  },
  {
    "char": null,
    "flag": "thinking-budget",
    "flagAliases": [],
    "key": "thinkingBudget",
    "kind": "range",
    "modelCount": 1,
    "optionCount": null,
    "requiredCount": 0,
    "valueType": null,
  },
  {
    "char": null,
    "flag": "thinking-level",
    "flagAliases": [
      "thinking",
    ],
    "key": "thinkingLevel",
    "kind": "enum",
    "modelCount": 2,
    "optionCount": 2,
    "requiredCount": 0,
    "valueType": "string",
  },
  {
    "char": null,
    "flag": "version",
    "flagAliases": [],
    "key": "version",
    "kind": "text",
    "modelCount": 1,
    "optionCount": null,
    "requiredCount": 0,
    "valueType": null,
  },
  {
    "char": null,
    "flag": "video-id",
    "flagAliases": [],
    "key": "videoId",
    "kind": "enum",
    "modelCount": 2,
    "optionCount": 0,
    "requiredCount": 1,
    "valueType": "string",
  },
  {
    "char": null,
    "flag": "video",
    "flagAliases": [
      "vd",
    ],
    "key": "videoUrl",
    "kind": "file",
    "modelCount": 27,
    "optionCount": null,
    "requiredCount": 23,
    "valueType": null,
  },
  {
    "char": null,
    "flag": "video-urls",
    "flagAliases": [],
    "key": "videoUrls",
    "kind": "file",
    "modelCount": 7,
    "optionCount": null,
    "requiredCount": 3,
    "valueType": null,
  },
  {
    "char": null,
    "flag": "voice",
    "flagAliases": [
      "ve",
    ],
    "key": "voiceId",
    "kind": "enum",
    "modelCount": 16,
    "optionCount": 379,
    "requiredCount": 2,
    "valueType": "string",
  },
  {
    "char": null,
    "flag": "voice-list",
    "flagAliases": [],
    "key": "voiceList",
    "kind": "object",
    "modelCount": 1,
    "optionCount": null,
    "requiredCount": 0,
    "valueType": null,
  },
]
`;
