// Vitest Snapshot v1, https://vitest.dev/guide/snapshot.html

exports[`generateFlagsFromCatalog — real SDK snapshot > produces a stable flag set against the real catalog 1`] = `
[
  {
    "aliases": null,
    "allowNo": null,
    "char": null,
    "multiple": false,
    "name": "accent",
    "options": null,
    "type": "option",
  },
  {
    "aliases": null,
    "allowNo": true,
    "char": null,
    "multiple": null,
    "name": "aigc-watermark",
    "options": null,
    "type": "boolean",
  },
  {
    "aliases": [
      "ar",
    ],
    "allowNo": null,
    "char": null,
    "multiple": false,
    "name": "aspect-ratio",
    "options": [
      "16:9",
      "9:16",
      "1:1",
      "21:9",
      "4:3",
      "3:2",
      "2:3",
      "3:4",
      "adaptive",
      "9:21",
      "3:1",
      "2:1",
      "1:2",
      "1:3",
      "19.5:9",
      "9:19.5",
      "20:9",
      "9:20",
      "4:5",
      "5:4",
      "5:3",
      "3:5",
      "auto",
      "4:1",
      "1:4",
      "8:1",
      "1:8",
    ],
    "type": "option",
  },
  {
    "aliases": null,
    "allowNo": null,
    "char": "a",
    "multiple": false,
    "name": "audio",
    "options": null,
    "type": "option",
  },
  {
    "aliases": null,
    "allowNo": null,
    "char": null,
    "multiple": false,
    "name": "audio-id",
    "options": null,
    "type": "option",
  },
  {
    "aliases": null,
    "allowNo": null,
    "char": null,
    "multiple": false,
    "name": "audio-setting",
    "options": [
      "auto",
      "origin",
    ],
    "type": "option",
  },
  {
    "aliases": null,
    "allowNo": null,
    "char": null,
    "multiple": true,
    "name": "audio-urls",
    "options": null,
    "type": "option",
  },
  {
    "aliases": null,
    "allowNo": null,
    "char": null,
    "multiple": false,
    "name": "background",
    "options": [
      "opaque",
      "transparent",
    ],
    "type": "option",
  },
  {
    "aliases": null,
    "allowNo": null,
    "char": null,
    "multiple": false,
    "name": "bit-rate",
    "options": null,
    "type": "option",
  },
  {
    "aliases": null,
    "allowNo": null,
    "char": null,
    "multiple": false,
    "name": "bitrate-level",
    "options": [
      "low",
      "medium",
      "high",
    ],
    "type": "option",
  },
  {
    "aliases": [
      "cfg",
    ],
    "allowNo": null,
    "char": null,
    "multiple": false,
    "name": "cfg-scale",
    "options": null,
    "type": "option",
  },
  {
    "aliases": [
      "orientation",
    ],
    "allowNo": null,
    "char": null,
    "multiple": false,
    "name": "character-orientation",
    "options": [
      "image",
      "video",
    ],
    "type": "option",
  },
  {
    "aliases": null,
    "allowNo": null,
    "char": null,
    "multiple": false,
    "name": "container",
    "options": [
      "mp3",
      "wav",
      "raw",
    ],
    "type": "option",
  },
  {
    "aliases": null,
    "allowNo": null,
    "char": "n",
    "multiple": false,
    "name": "count",
    "options": [
      "1",
      "2",
      "3",
      "4",
      "5",
      "6",
      "7",
      "8",
      "9",
      "10",
    ],
    "type": "option",
  },
  {
    "aliases": null,
    "allowNo": true,
    "char": null,
    "multiple": null,
    "name": "draft",
    "options": null,
    "type": "boolean",
  },
  {
    "aliases": null,
    "allowNo": null,
    "char": "d",
    "multiple": false,
    "name": "duration",
    "options": null,
    "type": "option",
  },
  {
    "aliases": null,
    "allowNo": null,
    "char": null,
    "multiple": false,
    "name": "edit-strength",
    "options": [
      "adhere_1",
      "adhere_2",
      "adhere_3",
      "flex_1",
      "flex_2",
      "flex_3",
      "reimagine_1",
      "reimagine_2",
      "reimagine_3",
    ],
    "type": "option",
  },
  {
    "aliases": null,
    "allowNo": null,
    "char": null,
    "multiple": false,
    "name": "element-description",
    "options": null,
    "type": "option",
  },
  {
    "aliases": null,
    "allowNo": null,
    "char": null,
    "multiple": true,
    "name": "element-list",
    "options": null,
    "type": "option",
  },
  {
    "aliases": null,
    "allowNo": null,
    "char": null,
    "multiple": false,
    "name": "element-name",
    "options": null,
    "type": "option",
  },
  {
    "aliases": null,
    "allowNo": null,
    "char": null,
    "multiple": false,
    "name": "element-voice-id",
    "options": null,
    "type": "option",
  },
  {
    "aliases": null,
    "allowNo": true,
    "char": null,
    "multiple": null,
    "name": "enable-copyright-detection",
    "options": null,
    "type": "boolean",
  },
  {
    "aliases": null,
    "allowNo": true,
    "char": null,
    "multiple": null,
    "name": "enable-thinking",
    "options": null,
    "type": "boolean",
  },
  {
    "aliases": null,
    "allowNo": null,
    "char": null,
    "multiple": false,
    "name": "encoding",
    "options": [
      "pcm_s16le",
      "pcm_f32le",
    ],
    "type": "option",
  },
  {
    "aliases": null,
    "allowNo": null,
    "char": null,
    "multiple": false,
    "name": "end-frame",
    "options": null,
    "type": "option",
  },
  {
    "aliases": null,
    "allowNo": true,
    "char": null,
    "multiple": null,
    "name": "enhance-prompt",
    "options": null,
    "type": "boolean",
  },
  {
    "aliases": null,
    "allowNo": true,
    "char": null,
    "multiple": null,
    "name": "exr-export",
    "options": null,
    "type": "boolean",
  },
  {
    "aliases": null,
    "allowNo": null,
    "char": null,
    "multiple": false,
    "name": "format",
    "options": [
      "wav",
      "mp3",
      "pcm",
      "ogg_opus",
    ],
    "type": "option",
  },
  {
    "aliases": null,
    "allowNo": null,
    "char": null,
    "multiple": false,
    "name": "fps",
    "options": [
      "30",
      "60",
      "120",
    ],
    "type": "option",
  },
  {
    "aliases": [
      "audio-gen",
    ],
    "allowNo": true,
    "char": null,
    "multiple": null,
    "name": "generate-audio",
    "options": null,
    "type": "boolean",
  },
  {
    "aliases": null,
    "allowNo": true,
    "char": null,
    "multiple": null,
    "name": "hdr",
    "options": null,
    "type": "boolean",
  },
  {
    "aliases": [
      "fidelity",
    ],
    "allowNo": null,
    "char": null,
    "multiple": false,
    "name": "human-fidelity",
    "options": null,
    "type": "option",
  },
  {
    "aliases": null,
    "allowNo": null,
    "char": "i",
    "multiple": true,
    "name": "image",
    "options": null,
    "type": "option",
  },
  {
    "aliases": null,
    "allowNo": null,
    "char": null,
    "multiple": false,
    "name": "image-reference",
    "options": [
      "subject",
      "face",
    ],
    "type": "option",
  },
  {
    "aliases": [
      "weight",
    ],
    "allowNo": null,
    "char": null,
    "multiple": false,
    "name": "image-weight",
    "options": null,
    "type": "option",
  },
  {
    "aliases": null,
    "allowNo": true,
    "char": null,
    "multiple": null,
    "name": "is-instrumental",
    "options": null,
    "type": "boolean",
  },
  {
    "aliases": [
      "keep-audio",
    ],
    "allowNo": null,
    "char": null,
    "multiple": false,
    "name": "keep-original-sound",
    "options": [
      "yes",
      "no",
    ],
    "type": "option",
  },
  {
    "aliases": null,
    "allowNo": null,
    "char": null,
    "multiple": false,
    "name": "language",
    "options": null,
    "type": "option",
  },
  {
    "aliases": null,
    "allowNo": true,
    "char": null,
    "multiple": null,
    "name": "loop",
    "options": null,
    "type": "boolean",
  },
  {
    "aliases": null,
    "allowNo": null,
    "char": null,
    "multiple": false,
    "name": "lora-weights-lora-angle",
    "options": null,
    "type": "option",
  },
  {
    "aliases": null,
    "allowNo": null,
    "char": null,
    "multiple": false,
    "name": "lora-weights-lora-angle-lighting",
    "options": null,
    "type": "option",
  },
  {
    "aliases": null,
    "allowNo": null,
    "char": null,
    "multiple": false,
    "name": "loudness-rate",
    "options": null,
    "type": "option",
  },
  {
    "aliases": null,
    "allowNo": true,
    "char": null,
    "multiple": null,
    "name": "lyrics-optimizer",
    "options": null,
    "type": "boolean",
  },
  {
    "aliases": null,
    "allowNo": null,
    "char": null,
    "multiple": false,
    "name": "lyrics-prompt",
    "options": null,
    "type": "option",
  },
  {
    "aliases": null,
    "allowNo": null,
    "char": null,
    "multiple": false,
    "name": "model-version",
    "options": [
      "Standard V2",
      "Standard MAX",
      "Low Resolution V2",
      "High Fidelity V2",
      "CGI",
      "Text Refine",
      "Redefine",
      "Recovery",
      "Recovery V2",
      "Wonder",
      "Wonder 3",
      "Proteus",
      "Artemis HQ",
      "Artemis MQ",
      "Artemis LQ",
      "Nyx",
      "Nyx Fast",
      "Nyx XL",
      "Nyx HF",
      "Gaia HQ",
      "Gaia CG",
      "Gaia 2",
      "Starlight Precise 1",
      "Starlight Precise 2",
      "Starlight Precise 2.5",
      "Starlight HQ",
      "Starlight Mini",
      "Starlight Sharp",
      "Starlight Fast 1",
      "Starlight Fast 2",
    ],
    "type": "option",
  },
  {
    "aliases": null,
    "allowNo": null,
    "char": null,
    "multiple": true,
    "name": "multi-prompt-duration",
    "options": null,
    "type": "option",
  },
  {
    "aliases": null,
    "allowNo": null,
    "char": null,
    "multiple": true,
    "name": "multi-prompt-index",
    "options": null,
    "type": "option",
  },
  {
    "aliases": null,
    "allowNo": null,
    "char": null,
    "multiple": true,
    "name": "multi-prompt-prompt",
    "options": null,
    "type": "option",
  },
  {
    "aliases": null,
    "allowNo": true,
    "char": null,
    "multiple": null,
    "name": "multi-shot",
    "options": null,
    "type": "boolean",
  },
  {
    "aliases": [
      "neg-prompt",
      "neg",
    ],
    "allowNo": null,
    "char": null,
    "multiple": false,
    "name": "negative-prompt",
    "options": null,
    "type": "option",
  },
  {
    "aliases": null,
    "allowNo": null,
    "char": null,
    "multiple": false,
    "name": "num-inference-steps",
    "options": null,
    "type": "option",
  },
  {
    "aliases": null,
    "allowNo": null,
    "char": null,
    "multiple": true,
    "name": "omni-image-list-image-url",
    "options": null,
    "type": "option",
  },
  {
    "aliases": null,
    "allowNo": null,
    "char": null,
    "multiple": true,
    "name": "omni-image-list-type",
    "options": null,
    "type": "option",
  },
  {
    "aliases": null,
    "allowNo": null,
    "char": null,
    "multiple": true,
    "name": "omni-video-list-keep-original-sound",
    "options": null,
    "type": "option",
  },
  {
    "aliases": null,
    "allowNo": null,
    "char": null,
    "multiple": true,
    "name": "omni-video-list-refer-type",
    "options": null,
    "type": "option",
  },
  {
    "aliases": null,
    "allowNo": null,
    "char": null,
    "multiple": true,
    "name": "omni-video-list-video-url",
    "options": null,
    "type": "option",
  },
  {
    "aliases": null,
    "allowNo": null,
    "char": null,
    "multiple": false,
    "name": "output-format",
    "options": [
      "mp4",
      "mov",
      "png",
      "jpeg",
      "webp",
      "url",
      "hex",
    ],
    "type": "option",
  },
  {
    "aliases": null,
    "allowNo": null,
    "char": null,
    "multiple": false,
    "name": "pitch-rate",
    "options": null,
    "type": "option",
  },
  {
    "aliases": null,
    "allowNo": null,
    "char": "p",
    "multiple": false,
    "name": "prompt",
    "options": null,
    "type": "option",
  },
  {
    "aliases": null,
    "allowNo": null,
    "char": null,
    "multiple": false,
    "name": "prompt-extend-mode",
    "options": [
      "direct",
      "agent",
    ],
    "type": "option",
  },
  {
    "aliases": null,
    "allowNo": null,
    "char": null,
    "multiple": false,
    "name": "quality",
    "options": [
      "standard",
      "professional",
      "high",
      "medium",
      "low",
      "360p",
      "540p",
      "720p",
      "1080p",
    ],
    "type": "option",
  },
  {
    "aliases": null,
    "allowNo": null,
    "char": null,
    "multiple": false,
    "name": "reference-type",
    "options": [
      "image_refer",
      "video_refer",
    ],
    "type": "option",
  },
  {
    "aliases": null,
    "allowNo": true,
    "char": null,
    "multiple": null,
    "name": "remove-bg-noise",
    "options": null,
    "type": "boolean",
  },
  {
    "aliases": [
      "speed",
    ],
    "allowNo": null,
    "char": null,
    "multiple": false,
    "name": "rendering-speed",
    "options": [
      "std",
      "pro",
      "4k",
      "TURBO",
      "DEFAULT",
      "QUALITY",
      "very-low",
      "low",
      "medium",
      "high",
      "FLASH",
    ],
    "type": "option",
  },
  {
    "aliases": null,
    "allowNo": null,
    "char": "r",
    "multiple": false,
    "name": "resolution",
    "options": [
      "720p",
      "1080p",
      "4k",
      "1k",
      "2k",
      "1440p",
      "2160p",
      "480p",
      "source",
      "8k",
      "720P",
      "1080P",
      "480P",
      "540p",
      "1024p",
      "1K",
      "2K",
      "3K",
      "4K",
      "hd",
      "fhd",
      "0.5K",
      "2048x2048",
      "1440x2880",
      "2880x1440",
      "1664x2496",
      "2496x1664",
      "1792x2240",
      "2240x1792",
      "1440x2560",
      "2560x1440",
      "1600x2560",
      "2560x1600",
      "1728x2304",
      "2304x1728",
      "1296x3168",
      "3168x1296",
      "1152x2944",
      "2944x1152",
      "1248x3328",
      "3328x1248",
      "1280x3072",
      "3072x1280",
      "1024x3072",
      "3072x1024",
      "1024x1024",
      "896x1120",
      "1120x896",
      "864x1152",
      "1152x864",
      "832x1248",
      "1248x832",
      "800x1280",
      "1280x800",
      "720x1280",
      "1280x720",
      "720x1440",
      "1440x720",
      "1344x768",
      "768x1344",
      "2688x1536",
      "1536x2688",
      "2368x1728",
      "1728x2368",
    ],
    "type": "option",
  },
  {
    "aliases": null,
    "allowNo": true,
    "char": null,
    "multiple": null,
    "name": "return-last-frame",
    "options": null,
    "type": "boolean",
  },
  {
    "aliases": null,
    "allowNo": null,
    "char": null,
    "multiple": false,
    "name": "safety-tolerance",
    "options": null,
    "type": "option",
  },
  {
    "aliases": null,
    "allowNo": null,
    "char": null,
    "multiple": false,
    "name": "sample-rate",
    "options": null,
    "type": "option",
  },
  {
    "aliases": null,
    "allowNo": null,
    "char": null,
    "multiple": false,
    "name": "scene",
    "options": [
      "common",
      "ugc",
      "short_series",
      "aigc",
      "old_film",
    ],
    "type": "option",
  },
  {
    "aliases": null,
    "allowNo": null,
    "char": null,
    "multiple": false,
    "name": "scene-image",
    "options": null,
    "type": "option",
  },
  {
    "aliases": null,
    "allowNo": null,
    "char": null,
    "multiple": false,
    "name": "seed",
    "options": null,
    "type": "option",
  },
  {
    "aliases": null,
    "allowNo": null,
    "char": null,
    "multiple": false,
    "name": "shot-type",
    "options": [
      "customize",
      "intelligence",
    ],
    "type": "option",
  },
  {
    "aliases": null,
    "allowNo": null,
    "char": null,
    "multiple": false,
    "name": "similarity",
    "options": null,
    "type": "option",
  },
  {
    "aliases": null,
    "allowNo": null,
    "char": null,
    "multiple": false,
    "name": "size",
    "options": [
      "9:16",
      "16:9",
      "1:1",
      "9:16+",
      "16:9+",
      "2:5",
      "5:2",
    ],
    "type": "option",
  },
  {
    "aliases": [
      "source-id",
    ],
    "allowNo": null,
    "char": null,
    "multiple": false,
    "name": "source-image-id",
    "options": null,
    "type": "option",
  },
  {
    "aliases": null,
    "allowNo": null,
    "char": null,
    "multiple": false,
    "name": "speech-rate",
    "options": null,
    "type": "option",
  },
  {
    "aliases": null,
    "allowNo": null,
    "char": null,
    "multiple": false,
    "name": "start-frame",
    "options": null,
    "type": "option",
  },
  {
    "aliases": null,
    "allowNo": null,
    "char": null,
    "multiple": false,
    "name": "static-mask",
    "options": null,
    "type": "option",
  },
  {
    "aliases": null,
    "allowNo": null,
    "char": null,
    "multiple": false,
    "name": "style",
    "options": [
      "korean_baseball",
      "pet_skateboard",
      "daily_ootd",
      "tiny_beast_printer",
      "landmark_reveal",
      "winter_charm",
      "flash_ride",
      "maestro_of_magic",
      "magic_carpet_ride",
      "good_luck_spirit",
      "shooting_star",
      "sparkler_wand",
      "sovereign_scepter",
      "dirt_rush",
      "return_of_the_king",
      "dance_with_dragon",
      "minimalist_light",
      "martial_meow",
      "sassy_shake",
      "knock_at_a_door_revenge",
      "palm_sized_figure_pro",
      "prank_box",
      "perler_beads",
      "spring_bloom",
      "toss_run",
      "switch_to_silk",
      "get_rich_quick",
      "make_it_rain",
      "twist_shake",
      "the_hip_sway",
      "send_my_love",
      "funky_martian",
      "wealth_drive",
      "the_high_kick",
      "the_exercise",
      "lucky_veggie",
      "studio_look",
      "flash_drive",
      "shush_my_dreams",
      "french_elegance",
      "finger_swipe",
      "advent_of_flora",
      "smooth_transition",
      "kiss_pro",
      "raid_check",
      "snow_night_kiss",
      "eternal_kiss",
      "fortune_in_motion",
      "chinese_trend",
      "sedan_chair_dance",
      "skyfall",
      "good_luck_dance",
      "laicai_dance",
      "yangge_dance",
      "color_mixing",
      "palm_sized_figure",
      "lantern_festival_cuju",
      "unique_firework",
      "unique_spring_couplets",
      "horse_mask",
      "fortune_knocks_cartoon",
      "tangyuan_to_animal",
      "hot_feet_dance",
      "swag_dance",
      "pigeon_dance",
      "bloodline_dance",
      "chanel_dance",
      "cute_dance",
      "love_theme_song",
      "pumpitup_dance",
      "city_to_village",
      "fortune_god_transform",
      "new_year_feast",
      "ring_in_new",
      "horse_year_firework",
      "pet_vlogger",
      "crystal_horse",
      "lateral_shift_transition",
      "drunk_dance",
      "drunk_dance_pet",
      "daoma_dance",
      "bouncy_dance",
      "smooth_sailing_dance",
      "new_year_greeting",
      "lion_dance",
      "prosperity",
      "great_success",
      "golden_horse_fortune",
      "red_packet_box",
      "lucky_horse_year",
      "lucky_red_packet",
      "lucky_money_come",
      "lion_dance_pet",
      "dumpling_making_pet",
      "fish_making_pet",
      "pet_red_packet",
      "lantern_glow",
      "expression_challenge",
      "overdrive",
      "heart_gesture_dance",
      "poping",
      "martial_arts",
      "running",
      "nezha",
      "motorcycle_dance",
      "subject_3_dance",
      "ghost_step_dance",
      "phantom_jewel",
      "zoom_out",
      "cheers_2026",
      "fight_pro",
      "hug_pro",
      "heart_gesture_pro",
      "dollar_rain_pro",
      "pet_bee_pro",
      "countdown_teleport",
      "santa_random_surprise",
      "magic_match_tree",
      "bullet_time_360",
      "happy_birthday",
      "birthday_star",
      "thumbs_up_pro",
      "tiger_hug_pro",
      "pet_lion_pro",
      "surprise_bouquet",
      "bouquet_drop",
      "3d_cartoon_1_pro",
      "firework_2026",
      "glamour_photo_shoot",
      "box_of_joy",
      "first_toast_of_the_year",
      "my_santa_pic",
      "santa_gift",
      "steampunk_christmas",
      "snowglobe",
      "christmas_photo_shoot",
      "ornament_crash",
      "santa_express",
      "instant_christmas",
      "particle_santa_surround",
      "coronation_of_frost",
      "building_sweater",
      "spark_in_the_snow",
      "scarlet_and_snow",
      "cozy_toon_wrap",
      "bullet_time_lite",
      "magic_cloak",
      "balloon_parade",
      "jumping_ginger_joy",
      "bullet_time",
      "c4d_cartoon_pro",
      "pure_white_wings",
      "black_wings",
      "golden_wing",
      "pink_pink_wings",
      "venomous_spider",
      "throne_of_king",
      "luminous_elf",
      "woodland_elf",
      "japanese_anime_1",
      "american_comics",
      "guardian_spirit",
      "swish_swish",
      "snowboarding",
      "witch_transform",
      "vampire_transform",
      "pumpkin_head_transform",
      "demon_transform",
      "mummy_transform",
      "zombie_transform",
      "cute_pumpkin_transform",
      "cute_ghost_transform",
      "knock_knock_halloween",
      "halloween_escape",
      "baseball",
      "inner_voice",
      "a_list_look",
      "memory_alive",
      "trampoline",
      "trampoline_night",
      "pucker_up",
      "guess_what",
      "feed_mooncake",
      "rampage_ape",
      "flyer",
      "dishwasher",
      "pet_chinese_opera",
      "magic_fireball",
      "gallery_ring",
      "pet_moto_rider",
      "muscle_pet",
      "squeeze_scream",
      "pet_delivery",
      "running_man",
      "disappear",
      "mythic_style",
      "steampunk",
      "3d_cartoon_2",
      "eagle_snatch",
      "hug_from_past",
      "firework",
      "media_interview",
      "pet_chef",
      "santa_gifts",
      "santa_hug",
      "heart_gesture_1",
      "pet_wizard",
      "smoke_smoke",
      "instant_kid",
      "dollar_rain",
      "cry_cry",
      "building_collapse",
      "gun_shot",
      "mushroom",
      "double_gun",
      "pet_warrior",
      "lightning_power",
      "jesus_hug",
      "shark_alert",
      "long_hair",
      "lie_flat",
      "polar_bear_hug",
      "brown_bear_hug",
      "jazz_jazz",
      "office_escape_plow",
      "fly_fly",
      "watermelon_bomb",
      "pet_dance",
      "boss_coming",
      "wool_curly",
      "pet_bee",
      "marry_me",
      "swing_swing",
      "day_to_night",
      "piggy_morph",
      "wig_out",
      "car_explosion",
      "ski_ski",
      "siblings",
      "construction_worker",
      "let's_ride",
      "snatched",
      "magic_broom",
      "felt_felt",
      "jumpdrop",
      "surfsurf",
      "fairy_wing",
      "angel_wing",
      "dark_wing",
      "skateskate",
      "plushcut",
      "jelly_press",
      "jelly_slice",
      "jelly_squish",
      "jelly_jiggle",
      "pixelpixel",
      "yearbook",
      "instant_film",
      "anime_figure",
      "rocketrocket",
      "bloombloom",
      "dizzydizzy",
      "fuzzyfuzzy",
      "squish",
      "expansion",
      "emoji",
      "tennis_trend",
      "whirling_beverage",
      "f1_live",
      "football_live",
      "spielberg_transition",
      "auto",
      "manga",
      "game-character",
      "music-superstar",
      "game-character-man",
      "cat-character",
      "influencer",
      "tennis-coach",
      "human-resource",
      "fashion-designer",
      "cooking-teacher",
      "GENERAL",
      "REALISTIC",
      "DESIGN",
      "AUTO",
      "FICTION",
      "raster",
      "vector_illustration",
      "realistic_image",
      "digital_illustration",
      "any",
      "icon",
    ],
    "type": "option",
  },
  {
    "aliases": null,
    "allowNo": null,
    "char": null,
    "multiple": false,
    "name": "style-image",
    "options": null,
    "type": "option",
  },
  {
    "aliases": null,
    "allowNo": null,
    "char": null,
    "multiple": false,
    "name": "thinking",
    "options": [
      "off",
      "low",
      "medium",
      "high",
    ],
    "type": "option",
  },
  {
    "aliases": null,
    "allowNo": null,
    "char": null,
    "multiple": false,
    "name": "thinking-budget",
    "options": null,
    "type": "option",
  },
  {
    "aliases": null,
    "allowNo": null,
    "char": null,
    "multiple": false,
    "name": "thinking-level",
    "options": [
      "minimal",
      "high",
    ],
    "type": "option",
  },
  {
    "aliases": [
      "vd",
    ],
    "allowNo": null,
    "char": null,
    "multiple": false,
    "name": "video",
    "options": null,
    "type": "option",
  },
  {
    "aliases": null,
    "allowNo": null,
    "char": null,
    "multiple": false,
    "name": "video-id",
    "options": null,
    "type": "option",
  },
  {
    "aliases": null,
    "allowNo": null,
    "char": null,
    "multiple": true,
    "name": "video-urls",
    "options": null,
    "type": "option",
  },
  {
    "aliases": [
      "ve",
    ],
    "allowNo": null,
    "char": null,
    "multiple": false,
    "name": "voice",
    "options": null,
    "type": "option",
  },
  {
    "aliases": null,
    "allowNo": null,
    "char": null,
    "multiple": true,
    "name": "voice-list",
    "options": null,
    "type": "option",
  },
  {
    "aliases": null,
    "allowNo": true,
    "char": null,
    "multiple": null,
    "name": "watermark",
    "options": null,
    "type": "boolean",
  },
]
`;
