// Vitest Snapshot v1, https://vitest.dev/guide/snapshot.html

exports[`generateFlagsFromCatalog — real SDK snapshot > produces a stable flag set against the real catalog 1`] = `
[
  {
    "aliases": null,
    "allowNo": null,
    "char": null,
    "multiple": false,
    "name": "accent",
    "options": null,
    "type": "option",
  },
  {
    "aliases": null,
    "allowNo": true,
    "char": null,
    "multiple": null,
    "name": "aigc-watermark",
    "options": null,
    "type": "boolean",
  },
  {
    "aliases": [
      "ar",
    ],
    "allowNo": null,
    "char": null,
    "multiple": false,
    "name": "aspect-ratio",
    "options": [
      "16:9",
      "9:16",
      "1:1",
      "21:9",
      "4:3",
      "3:2",
      "2:3",
      "3:4",
      "9:21",
      "3:1",
      "2:1",
      "1:2",
      "1:3",
      "adaptive",
      "19.5:9",
      "9:19.5",
      "20:9",
      "9:20",
      "4:5",
      "5:4",
      "5:3",
      "3:5",
      "auto",
      "4:1",
      "1:4",
      "8:1",
      "1:8",
    ],
    "type": "option",
  },
  {
    "aliases": null,
    "allowNo": null,
    "char": "a",
    "multiple": false,
    "name": "audio",
    "options": null,
    "type": "option",
  },
  {
    "aliases": null,
    "allowNo": null,
    "char": null,
    "multiple": false,
    "name": "audio-id",
    "options": null,
    "type": "option",
  },
  {
    "aliases": null,
    "allowNo": null,
    "char": null,
    "multiple": false,
    "name": "audio-setting",
    "options": [
      "auto",
      "origin",
    ],
    "type": "option",
  },
  {
    "aliases": null,
    "allowNo": null,
    "char": null,
    "multiple": true,
    "name": "audio-urls",
    "options": null,
    "type": "option",
  },
  {
    "aliases": null,
    "allowNo": null,
    "char": null,
    "multiple": false,
    "name": "background",
    "options": [
      "opaque",
      "transparent",
    ],
    "type": "option",
  },
  {
    "aliases": null,
    "allowNo": null,
    "char": null,
    "multiple": false,
    "name": "bit-rate",
    "options": null,
    "type": "option",
  },
  {
    "aliases": [
      "cfg",
    ],
    "allowNo": null,
    "char": null,
    "multiple": false,
    "name": "cfg-scale",
    "options": null,
    "type": "option",
  },
  {
    "aliases": [
      "orientation",
    ],
    "allowNo": null,
    "char": null,
    "multiple": false,
    "name": "character-orientation",
    "options": [
      "image",
      "video",
    ],
    "type": "option",
  },
  {
    "aliases": null,
    "allowNo": null,
    "char": null,
    "multiple": false,
    "name": "container",
    "options": [
      "mp3",
      "wav",
      "raw",
    ],
    "type": "option",
  },
  {
    "aliases": null,
    "allowNo": null,
    "char": "n",
    "multiple": false,
    "name": "count",
    "options": [
      "1",
      "2",
      "3",
      "4",
      "5",
      "6",
      "7",
      "8",
      "9",
      "10",
    ],
    "type": "option",
  },
  {
    "aliases": null,
    "allowNo": null,
    "char": "d",
    "multiple": false,
    "name": "duration",
    "options": [
      "3",
      "4",
      "5",
      "6",
      "7",
      "8",
      "9",
      "10",
      "11",
      "12",
      "13",
      "14",
      "15",
      "16",
      "18",
      "20",
      "1",
      "30",
      "60",
      "120",
      "180",
      "300",
      "600",
    ],
    "type": "option",
  },
  {
    "aliases": null,
    "allowNo": null,
    "char": null,
    "multiple": false,
    "name": "edit-strength",
    "options": [
      "adhere_1",
      "adhere_2",
      "adhere_3",
      "flex_1",
      "flex_2",
      "flex_3",
      "reimagine_1",
      "reimagine_2",
      "reimagine_3",
    ],
    "type": "option",
  },
  {
    "aliases": null,
    "allowNo": null,
    "char": null,
    "multiple": false,
    "name": "element-description",
    "options": null,
    "type": "option",
  },
  {
    "aliases": null,
    "allowNo": null,
    "char": null,
    "multiple": true,
    "name": "element-list",
    "options": null,
    "type": "option",
  },
  {
    "aliases": null,
    "allowNo": null,
    "char": null,
    "multiple": false,
    "name": "element-name",
    "options": null,
    "type": "option",
  },
  {
    "aliases": null,
    "allowNo": null,
    "char": null,
    "multiple": false,
    "name": "element-voice-id",
    "options": null,
    "type": "option",
  },
  {
    "aliases": null,
    "allowNo": true,
    "char": null,
    "multiple": null,
    "name": "enable-copyright-detection",
    "options": null,
    "type": "boolean",
  },
  {
    "aliases": null,
    "allowNo": null,
    "char": null,
    "multiple": false,
    "name": "encoding",
    "options": [
      "pcm_s16le",
      "pcm_f32le",
    ],
    "type": "option",
  },
  {
    "aliases": null,
    "allowNo": null,
    "char": null,
    "multiple": false,
    "name": "end-frame",
    "options": null,
    "type": "option",
  },
  {
    "aliases": null,
    "allowNo": true,
    "char": null,
    "multiple": null,
    "name": "enhance-prompt",
    "options": null,
    "type": "boolean",
  },
  {
    "aliases": null,
    "allowNo": true,
    "char": null,
    "multiple": null,
    "name": "exr-export",
    "options": null,
    "type": "boolean",
  },
  {
    "aliases": null,
    "allowNo": null,
    "char": null,
    "multiple": false,
    "name": "format",
    "options": [
      "wav",
      "mp3",
      "pcm",
      "ogg_opus",
    ],
    "type": "option",
  },
  {
    "aliases": [
      "audio-gen",
    ],
    "allowNo": true,
    "char": null,
    "multiple": null,
    "name": "generate-audio",
    "options": null,
    "type": "boolean",
  },
  {
    "aliases": null,
    "allowNo": true,
    "char": null,
    "multiple": null,
    "name": "grounding",
    "options": null,
    "type": "boolean",
  },
  {
    "aliases": null,
    "allowNo": true,
    "char": null,
    "multiple": null,
    "name": "hdr",
    "options": null,
    "type": "boolean",
  },
  {
    "aliases": [
      "fidelity",
    ],
    "allowNo": null,
    "char": null,
    "multiple": false,
    "name": "human-fidelity",
    "options": null,
    "type": "option",
  },
  {
    "aliases": null,
    "allowNo": null,
    "char": "i",
    "multiple": true,
    "name": "image",
    "options": null,
    "type": "option",
  },
  {
    "aliases": null,
    "allowNo": null,
    "char": null,
    "multiple": false,
    "name": "image-reference",
    "options": [
      "subject",
      "face",
    ],
    "type": "option",
  },
  {
    "aliases": [
      "weight",
    ],
    "allowNo": null,
    "char": null,
    "multiple": false,
    "name": "image-weight",
    "options": null,
    "type": "option",
  },
  {
    "aliases": null,
    "allowNo": true,
    "char": null,
    "multiple": null,
    "name": "is-instrumental",
    "options": null,
    "type": "boolean",
  },
  {
    "aliases": [
      "keep-audio",
    ],
    "allowNo": null,
    "char": null,
    "multiple": false,
    "name": "keep-original-sound",
    "options": [
      "yes",
      "no",
    ],
    "type": "option",
  },
  {
    "aliases": null,
    "allowNo": null,
    "char": null,
    "multiple": false,
    "name": "language",
    "options": null,
    "type": "option",
  },
  {
    "aliases": null,
    "allowNo": true,
    "char": null,
    "multiple": null,
    "name": "loop",
    "options": null,
    "type": "boolean",
  },
  {
    "aliases": null,
    "allowNo": null,
    "char": null,
    "multiple": true,
    "name": "lora-weights-lora-angle",
    "options": null,
    "type": "option",
  },
  {
    "aliases": null,
    "allowNo": null,
    "char": null,
    "multiple": true,
    "name": "lora-weights-lora-angle-lighting",
    "options": null,
    "type": "option",
  },
  {
    "aliases": null,
    "allowNo": null,
    "char": null,
    "multiple": false,
    "name": "loudness-rate",
    "options": null,
    "type": "option",
  },
  {
    "aliases": null,
    "allowNo": true,
    "char": null,
    "multiple": null,
    "name": "lyrics-optimizer",
    "options": null,
    "type": "boolean",
  },
  {
    "aliases": null,
    "allowNo": null,
    "char": null,
    "multiple": false,
    "name": "lyrics-prompt",
    "options": null,
    "type": "option",
  },
  {
    "aliases": null,
    "allowNo": null,
    "char": null,
    "multiple": false,
    "name": "model-version",
    "options": [
      "flux-3-preview-high",
      "flux-3-preview-optimized",
      "Standard V2",
      "Standard MAX",
      "Low Resolution V2",
      "High Fidelity V2",
      "CGI",
      "Text Refine",
      "Redefine",
      "Recovery",
      "Recovery V2",
      "Wonder",
      "Wonder 3",
      "Proteus",
      "Artemis HQ",
      "Artemis MQ",
      "Artemis LQ",
      "Nyx",
      "Nyx Fast",
      "Nyx XL",
      "Nyx HF",
      "Gaia HQ",
      "Gaia CG",
      "Gaia 2",
      "Starlight Precise 1",
      "Starlight Precise 2",
      "Starlight Precise 2.5",
      "Starlight HQ",
      "Starlight Mini",
      "Starlight Sharp",
      "Starlight Fast 1",
      "Starlight Fast 2",
    ],
    "type": "option",
  },
  {
    "aliases": null,
    "allowNo": null,
    "char": null,
    "multiple": true,
    "name": "multi-prompt-duration",
    "options": null,
    "type": "option",
  },
  {
    "aliases": null,
    "allowNo": null,
    "char": null,
    "multiple": true,
    "name": "multi-prompt-index",
    "options": null,
    "type": "option",
  },
  {
    "aliases": null,
    "allowNo": null,
    "char": null,
    "multiple": true,
    "name": "multi-prompt-prompt",
    "options": null,
    "type": "option",
  },
  {
    "aliases": null,
    "allowNo": true,
    "char": null,
    "multiple": null,
    "name": "multi-shot",
    "options": null,
    "type": "boolean",
  },
  {
    "aliases": [
      "neg-prompt",
      "neg",
    ],
    "allowNo": null,
    "char": null,
    "multiple": false,
    "name": "negative-prompt",
    "options": null,
    "type": "option",
  },
  {
    "aliases": null,
    "allowNo": null,
    "char": null,
    "multiple": false,
    "name": "num-inference-steps",
    "options": null,
    "type": "option",
  },
  {
    "aliases": null,
    "allowNo": null,
    "char": null,
    "multiple": true,
    "name": "omni-image-list-image-url",
    "options": null,
    "type": "option",
  },
  {
    "aliases": null,
    "allowNo": null,
    "char": null,
    "multiple": true,
    "name": "omni-image-list-type",
    "options": null,
    "type": "option",
  },
  {
    "aliases": null,
    "allowNo": null,
    "char": null,
    "multiple": true,
    "name": "omni-video-list-keep-original-sound",
    "options": null,
    "type": "option",
  },
  {
    "aliases": null,
    "allowNo": null,
    "char": null,
    "multiple": true,
    "name": "omni-video-list-refer-type",
    "options": null,
    "type": "option",
  },
  {
    "aliases": null,
    "allowNo": null,
    "char": null,
    "multiple": true,
    "name": "omni-video-list-video-url",
    "options": null,
    "type": "option",
  },
  {
    "aliases": [
      "format",
    ],
    "allowNo": null,
    "char": null,
    "multiple": false,
    "name": "output-format",
    "options": [
      "png",
      "jpeg",
      "webp",
      "url",
      "hex",
    ],
    "type": "option",
  },
  {
    "aliases": null,
    "allowNo": null,
    "char": null,
    "multiple": false,
    "name": "pitch-rate",
    "options": null,
    "type": "option",
  },
  {
    "aliases": null,
    "allowNo": null,
    "char": "p",
    "multiple": false,
    "name": "prompt",
    "options": null,
    "type": "option",
  },
  {
    "aliases": null,
    "allowNo": null,
    "char": null,
    "multiple": false,
    "name": "prompt-extend-mode",
    "options": [
      "direct",
      "agent",
    ],
    "type": "option",
  },
  {
    "aliases": null,
    "allowNo": null,
    "char": null,
    "multiple": false,
    "name": "quality",
    "options": [
      "high",
      "medium",
      "low",
      "360p",
      "540p",
      "720p",
      "1080p",
    ],
    "type": "option",
  },
  {
    "aliases": null,
    "allowNo": null,
    "char": null,
    "multiple": false,
    "name": "reference-type",
    "options": [
      "image_refer",
      "video_refer",
    ],
    "type": "option",
  },
  {
    "aliases": null,
    "allowNo": true,
    "char": null,
    "multiple": null,
    "name": "remove-bg-noise",
    "options": null,
    "type": "boolean",
  },
  {
    "aliases": [
      "speed",
    ],
    "allowNo": null,
    "char": null,
    "multiple": false,
    "name": "rendering-speed",
    "options": [
      "std",
      "pro",
      "4k",
      "TURBO",
      "DEFAULT",
      "QUALITY",
      "very-low",
      "low",
      "medium",
      "high",
      "FLASH",
    ],
    "type": "option",
  },
  {
    "aliases": null,
    "allowNo": null,
    "char": "r",
    "multiple": false,
    "name": "resolution",
    "options": [
      "720p",
      "1080p",
      "4k",
      "1k",
      "2k",
      "1440p",
      "2160p",
      "480p",
      "720P",
      "1080P",
      "540p",
      "1024p",
      "1K",
      "2K",
      "3K",
      "4K",
      "0.5K",
      "2048x2048",
      "1440x2880",
      "2880x1440",
      "1664x2496",
      "2496x1664",
      "1792x2240",
      "2240x1792",
      "1440x2560",
      "2560x1440",
      "1600x2560",
      "2560x1600",
      "1728x2304",
      "2304x1728",
      "1296x3168",
      "3168x1296",
      "1152x2944",
      "2944x1152",
      "1248x3328",
      "3328x1248",
      "1280x3072",
      "3072x1280",
      "1024x3072",
      "3072x1024",
      "1024x1024",
      "896x1120",
      "1120x896",
      "864x1152",
      "1152x864",
      "832x1248",
      "1248x832",
      "800x1280",
      "1280x800",
      "720x1280",
      "1280x720",
      "720x1440",
      "1440x720",
      "1344x768",
      "768x1344",
      "2688x1536",
      "1536x2688",
      "2368x1728",
      "1728x2368",
    ],
    "type": "option",
  },
  {
    "aliases": null,
    "allowNo": true,
    "char": null,
    "multiple": null,
    "name": "return-last-frame",
    "options": null,
    "type": "boolean",
  },
  {
    "aliases": null,
    "allowNo": null,
    "char": null,
    "multiple": false,
    "name": "sample-rate",
    "options": [
      "8000",
      "16000",
      "24000",
      "32000",
      "44100",
      "48000",
    ],
    "type": "option",
  },
  {
    "aliases": null,
    "allowNo": null,
    "char": null,
    "multiple": false,
    "name": "scene-image",
    "options": null,
    "type": "option",
  },
  {
    "aliases": null,
    "allowNo": null,
    "char": null,
    "multiple": false,
    "name": "seed",
    "options": null,
    "type": "option",
  },
  {
    "aliases": null,
    "allowNo": null,
    "char": null,
    "multiple": false,
    "name": "shot-type",
    "options": [
      "customize",
      "intelligence",
    ],
    "type": "option",
  },
  {
    "aliases": null,
    "allowNo": null,
    "char": null,
    "multiple": false,
    "name": "similarity",
    "options": null,
    "type": "option",
  },
  {
    "aliases": null,
    "allowNo": null,
    "char": null,
    "multiple": false,
    "name": "size",
    "options": [
      "9:16",
      "16:9",
      "1:1",
      "9:16+",
      "16:9+",
      "2:5",
      "5:2",
    ],
    "type": "option",
  },
  {
    "aliases": [
      "source-id",
    ],
    "allowNo": null,
    "char": null,
    "multiple": false,
    "name": "source-image-id",
    "options": null,
    "type": "option",
  },
  {
    "aliases": null,
    "allowNo": null,
    "char": null,
    "multiple": false,
    "name": "speech-rate",
    "options": null,
    "type": "option",
  },
  {
    "aliases": null,
    "allowNo": null,
    "char": null,
    "multiple": false,
    "name": "start-frame",
    "options": null,
    "type": "option",
  },
  {
    "aliases": null,
    "allowNo": null,
    "char": null,
    "multiple": false,
    "name": "static-mask",
    "options": null,
    "type": "option",
  },
  {
    "aliases": null,
    "allowNo": null,
    "char": null,
    "multiple": false,
    "name": "style",
    "options": [
      "korean_baseball",
      "pet_skateboard",
      "daily_ootd",
      "tiny_beast_printer",
      "landmark_reveal",
      "winter_charm",
      "flash_ride",
      "maestro_of_magic",
      "magic_carpet_ride",
      "good_luck_spirit",
      "shooting_star",
      "sparkler_wand",
      "sovereign_scepter",
      "dirt_rush",
      "return_of_the_king",
      "dance_with_dragon",
      "minimalist_light",
      "martial_meow",
      "sassy_shake",
      "knock_at_a_door_revenge",
      "palm_sized_figure_pro",
      "prank_box",
      "perler_beads",
      "spring_bloom",
      "toss_run",
      "switch_to_silk",
      "get_rich_quick",
      "make_it_rain",
      "twist_shake",
      "the_hip_sway",
      "send_my_love",
      "funky_martian",
      "wealth_drive",
      "the_high_kick",
      "the_exercise",
      "lucky_veggie",
      "studio_look",
      "flash_drive",
      "shush_my_dreams",
      "french_elegance",
      "finger_swipe",
      "advent_of_flora",
      "smooth_transition",
      "kiss_pro",
      "raid_check",
      "snow_night_kiss",
      "eternal_kiss",
      "fortune_in_motion",
      "chinese_trend",
      "sedan_chair_dance",
      "skyfall",
      "good_luck_dance",
      "laicai_dance",
      "yangge_dance",
      "color_mixing",
      "palm_sized_figure",
      "lantern_festival_cuju",
      "unique_firework",
      "unique_spring_couplets",
      "horse_mask",
      "fortune_knocks_cartoon",
      "tangyuan_to_animal",
      "hot_feet_dance",
      "swag_dance",
      "pigeon_dance",
      "bloodline_dance",
      "chanel_dance",
      "cute_dance",
      "love_theme_song",
      "pumpitup_dance",
      "city_to_village",
      "fortune_god_transform",
      "new_year_feast",
      "ring_in_new",
      "horse_year_firework",
      "pet_vlogger",
      "crystal_horse",
      "lateral_shift_transition",
      "drunk_dance",
      "drunk_dance_pet",
      "daoma_dance",
      "bouncy_dance",
      "smooth_sailing_dance",
      "new_year_greeting",
      "lion_dance",
      "prosperity",
      "great_success",
      "golden_horse_fortune",
      "red_packet_box",
      "lucky_horse_year",
      "lucky_red_packet",
      "lucky_money_come",
      "lion_dance_pet",
      "dumpling_making_pet",
      "fish_making_pet",
      "pet_red_packet",
      "lantern_glow",
      "expression_challenge",
      "overdrive",
      "heart_gesture_dance",
      "poping",
      "martial_arts",
      "running",
      "nezha",
      "motorcycle_dance",
      "subject_3_dance",
      "ghost_step_dance",
      "phantom_jewel",
      "zoom_out",
      "cheers_2026",
      "fight_pro",
      "hug_pro",
      "heart_gesture_pro",
      "dollar_rain_pro",
      "pet_bee_pro",
      "countdown_teleport",
      "santa_random_surprise",
      "magic_match_tree",
      "bullet_time_360",
      "happy_birthday",
      "birthday_star",
      "thumbs_up_pro",
      "tiger_hug_pro",
      "pet_lion_pro",
      "surprise_bouquet",
      "bouquet_drop",
      "3d_cartoon_1_pro",
      "firework_2026",
      "glamour_photo_shoot",
      "box_of_joy",
      "first_toast_of_the_year",
      "my_santa_pic",
      "santa_gift",
      "steampunk_christmas",
      "snowglobe",
      "christmas_photo_shoot",
      "ornament_crash",
      "santa_express",
      "instant_christmas",
      "particle_santa_surround",
      "coronation_of_frost",
      "building_sweater",
      "spark_in_the_snow",
      "scarlet_and_snow",
      "cozy_toon_wrap",
      "bullet_time_lite",
      "magic_cloak",
      "balloon_parade",
      "jumping_ginger_joy",
      "bullet_time",
      "c4d_cartoon_pro",
      "pure_white_wings",
      "black_wings",
      "golden_wing",
      "pink_pink_wings",
      "venomous_spider",
      "throne_of_king",
      "luminous_elf",
      "woodland_elf",
      "japanese_anime_1",
      "american_comics",
      "guardian_spirit",
      "swish_swish",
      "snowboarding",
      "witch_transform",
      "vampire_transform",
      "pumpkin_head_transform",
      "demon_transform",
      "mummy_transform",
      "zombie_transform",
      "cute_pumpkin_transform",
      "cute_ghost_transform",
      "knock_knock_halloween",
      "halloween_escape",
      "baseball",
      "inner_voice",
      "a_list_look",
      "memory_alive",
      "trampoline",
      "trampoline_night",
      "pucker_up",
      "guess_what",
      "feed_mooncake",
      "rampage_ape",
      "flyer",
      "dishwasher",
      "pet_chinese_opera",
      "magic_fireball",
      "gallery_ring",
      "pet_moto_rider",
      "muscle_pet",
      "squeeze_scream",
      "pet_delivery",
      "running_man",
      "disappear",
      "mythic_style",
      "steampunk",
      "3d_cartoon_2",
      "eagle_snatch",
      "hug_from_past",
      "firework",
      "media_interview",
      "pet_chef",
      "santa_gifts",
      "santa_hug",
      "heart_gesture_1",
      "pet_wizard",
      "smoke_smoke",
      "instant_kid",
      "dollar_rain",
      "cry_cry",
      "building_collapse",
      "gun_shot",
      "mushroom",
      "double_gun",
      "pet_warrior",
      "lightning_power",
      "jesus_hug",
      "shark_alert",
      "long_hair",
      "lie_flat",
      "polar_bear_hug",
      "brown_bear_hug",
      "jazz_jazz",
      "office_escape_plow",
      "fly_fly",
      "watermelon_bomb",
      "pet_dance",
      "boss_coming",
      "wool_curly",
      "pet_bee",
      "marry_me",
      "swing_swing",
      "day_to_night",
      "piggy_morph",
      "wig_out",
      "car_explosion",
      "ski_ski",
      "siblings",
      "construction_worker",
      "let's_ride",
      "snatched",
      "magic_broom",
      "felt_felt",
      "jumpdrop",
      "surfsurf",
      "fairy_wing",
      "angel_wing",
      "dark_wing",
      "skateskate",
      "plushcut",
      "jelly_press",
      "jelly_slice",
      "jelly_squish",
      "jelly_jiggle",
      "pixelpixel",
      "yearbook",
      "instant_film",
      "anime_figure",
      "rocketrocket",
      "bloombloom",
      "dizzydizzy",
      "fuzzyfuzzy",
      "squish",
      "expansion",
      "emoji",
      "tennis_trend",
      "whirling_beverage",
      "f1_live",
      "football_live",
      "spielberg_transition",
      "auto",
      "manga",
      "game-character",
      "music-superstar",
      "game-character-man",
      "cat-character",
      "influencer",
      "tennis-coach",
      "human-resource",
      "fashion-designer",
      "cooking-teacher",
      "GENERAL",
      "REALISTIC",
      "DESIGN",
      "AUTO",
      "FICTION",
      "raster",
      "vector_illustration",
      "realistic_image",
      "digital_illustration",
      "any",
      "icon",
    ],
    "type": "option",
  },
  {
    "aliases": null,
    "allowNo": null,
    "char": null,
    "multiple": false,
    "name": "style-image",
    "options": null,
    "type": "option",
  },
  {
    "aliases": null,
    "allowNo": null,
    "char": null,
    "multiple": false,
    "name": "thinking",
    "options": [
      "off",
      "low",
      "medium",
      "high",
    ],
    "type": "option",
  },
  {
    "aliases": null,
    "allowNo": null,
    "char": null,
    "multiple": false,
    "name": "thinking-budget",
    "options": null,
    "type": "option",
  },
  {
    "aliases": [
      "thinking",
    ],
    "allowNo": null,
    "char": null,
    "multiple": false,
    "name": "thinking-level",
    "options": [
      "minimal",
      "high",
    ],
    "type": "option",
  },
  {
    "aliases": null,
    "allowNo": null,
    "char": null,
    "multiple": false,
    "name": "version",
    "options": null,
    "type": "option",
  },
  {
    "aliases": [
      "vd",
    ],
    "allowNo": null,
    "char": null,
    "multiple": false,
    "name": "video",
    "options": null,
    "type": "option",
  },
  {
    "aliases": null,
    "allowNo": null,
    "char": null,
    "multiple": false,
    "name": "video-id",
    "options": [],
    "type": "option",
  },
  {
    "aliases": null,
    "allowNo": null,
    "char": null,
    "multiple": true,
    "name": "video-urls",
    "options": null,
    "type": "option",
  },
  {
    "aliases": [
      "ve",
    ],
    "allowNo": null,
    "char": null,
    "multiple": false,
    "name": "voice",
    "options": [
      "zh_female_vv_uranus_bigtts",
      "zh_female_xiaohe_uranus_bigtts",
      "en_female_stokie_uranus_bigtts",
      "en_female_dacey_uranus_bigtts",
      "en_male_tim_uranus_bigtts",
      "zh_male_m191_uranus_bigtts",
      "zh_male_taocheng_uranus_bigtts",
      "zh_male_sophie_uranus_bigtts",
      "zh_female_yingyujiaoxue_uranus_bigtts",
      "zh_male_dayi_uranus_bigtts",
      "zh_female_mizai_uranus_bigtts",
      "zh_female_jitangnv_uranus_bigtts",
      "zh_female_meilinvyou_uranus_bigtts",
      "zh_female_liuchangnv_uranus_bigtts",
      "zh_male_ruyayichen_uranus_bigtts",
      "zh_female_cancan_uranus_bigtts",
      "zh_female_tianmeixiaoyuan_uranus_bigtts",
      "zh_female_tianmeitaozi_uranus_bigtts",
      "zh_female_shuangkuaisisi_uranus_bigtts",
      "zh_female_peiqi_uranus_bigtts",
      "zh_female_xiaoxue_uranus_bigtts",
      "zh_female_yuanqi_uranus_bigtts",
      "zh_female_kefunvsheng_uranus_bigtts",
      "zh_male_shaonianzixin_uranus_bigtts",
      "zh_female_linjianvhai_uranus_bigtts",
      "zh_female_kiwi_uranus_bigtts",
      "zh_female_sajiaoxuemei_uranus_bigtts",
      "zh_male_liufei_uranus_bigtts",
      "zh_female_qingxinnvsheng_uranus_bigtts",
      "zh_male_sunwukong_uranus_bigtts",
      "en_male_adam-imitation_uranus_bigtts",
      "en_male_alberto_uranus_bigtts",
      "en_male_alex_uranus_bigtts",
      "en_female_allison_uranus_bigtts",
      "en_female_authoritative-british_uranus_bigtts",
      "en_female_authoritative-informative_uranus_bigtts",
      "en_male_bill-jones_uranus_bigtts",
      "en_male_bill_jones_corey_uranus_bigtts",
      "en_male_brad_pitt_p1_uranus_bigtts",
      "en_female_brittney_uranus_bigtts",
      "en_female_brittney_pimintel_uranus_bigtts",
      "en_male_bruce_uranus_bigtts",
      "en_male_chandler_p1_uranus_bigtts",
      "en_male_cowboy-bob_uranus_bigtts",
      "en_male_cowboy_john_b_uranus_bigtts",
      "en_male_david_uranus_bigtts",
      "en_male_deep-voice_uranus_bigtts",
      "en_male_diyuwenrounan_uranus_bigtts",
      "en_male_evil-guy-oxley_uranus_bigtts",
      "en_male_excited-male-voice_uranus_bigtts",
      "en_male_father-christmas_uranus_bigtts",
      "en_female_female_tutor_ms-jenny_uranus_bigtts",
      "en_male_fernando-martinez_uranus_bigtts",
      "en_male_godfather_uranus_bigtts",
      "en_male_gollum_uranus_bigtts",
      "en_male_hades_uranus_bigtts",
      "en_female_hayley_uranus_bigtts",
      "en_male_jamie_uranus_bigtts",
      "en_female_jane_uranus_bigtts",
      "en_female_jenny_uranus_bigtts",
      "en_male_jidongchuanjiaoshi_uranus_bigtts",
      "en_male_jimmy_uranus_bigtts",
      "en_female_joanne_uranus_bigtts",
      "en_male_joker_uranus_bigtts",
      "en_male_josh_uranus_bigtts",
      "en_male_josh_coery_uranus_bigtts",
      "en_male_kevin_uranus_bigtts",
      "en_male_knightley_uranus_bigtts",
      "en_female_lana_del_rey_kelley_d_p1_uranus_bigtts",
      "en_female_lana_del_rey_parky_s_p1_uranus_bigtts",
      "en_male_marcus_uranus_bigtts",
      "en_female_mel_uranus_bigtts",
      "en_male_michael_uranus_bigtts",
      "en_male_michael-mouse_uranus_bigtts",
      "en_male_michael_kevin_uranus_bigtts",
      "en_male_motivational-coach_uranus_bigtts",
      "en_female_myra_uranus_bigtts",
      "en_female_myra_cmb_uranus_bigtts",
      "en_female_nadia_uranus_bigtts",
      "en_female_natasha_uranus_bigtts",
      "en_female_pleasant-female_uranus_bigtts",
      "en_female_rachel_p1_uranus_bigtts",
      "en_male_ronald_uranus_bigtts",
      "en_male_russell_uranus_bigtts",
      "en_female_scarlet_p1_uranus_bigtts",
      "en_female_sharron_uranus_bigtts",
      "en_male_simba_p1_uranus_bigtts",
      "en_female_skye_uranus_bigtts",
      "en_male_tom_hiddleston_p1_uranus_bigtts",
      "en_male_valentino_uranus_bigtts",
      "en_male_valentino_corey_uranus_bigtts",
      "en_female_wenrouzhishijieshuonv_uranus_bigtts",
      "en_female_xinwenjieshuonv_uranus_bigtts",
      "en_male_yangguangjieshuonan_uranus_bigtts",
      "en_female_zendaya_p1_uranus_bigtts",
      "de_male_seven_uranus_bigtts",
      "jp_female_minimi_uranus_bigtts",
      "fr_male_usseau_uranus_bigtts",
      "es_male_felipe_uranus_bigtts",
      "id_male_han_uranus_bigtts",
      "pt_male_martins_uranus_bigtts",
      "it_male_enzo_uranus_bigtts",
      "kr_male_shane_uranus_bigtts",
      "ja_female_bv024_uranus_bigtts",
      "ja_female_bv520_uranus_bigtts",
      "ja_female_bv521_uranus_bigtts",
      "ja_female_bv522_uranus_bigtts",
      "ja_female_bv523_uranus_bigtts",
      "ja_male_bv524_uranus_bigtts",
      "ja_female_minimi_uranus_bigtts",
      "ja_female_shirou_uranus_bigtts",
      "de_female_bv081_uranus_bigtts",
      "de_male_sven_uranus_bigtts",
      "es_female_bv084_uranus_bigtts",
      "es_male_dani_uranus_bigtts",
      "es_male_guillem_uranus_bigtts",
      "es_female_ht_mx_f6_uranus_bigtts",
      "mx_female_bv065_uranus_bigtts",
      "mx_male_bv165dialogue_uranus_bigtts",
      "mx_male_bv165narrator_uranus_bigtts",
      "mx_female_bv166dialogue_uranus_bigtts",
      "mx_female_bv166emotion_uranus_bigtts",
      "mx_female_bv166narrator_uranus_bigtts",
      "mx_male_felipe_uranus_bigtts",
      "mx_male_ht_mx_m012_uranus_bigtts",
      "mx_female_leslie_uranus_bigtts",
      "mx_male_marcelo_uranus_bigtts",
      "fr_female_fr_bv078_uranus_bigtts",
      "fr_female_fr_f47_uranus_bigtts",
      "fr_male_fr_m29_uranus_bigtts",
      "id_male_bv160_uranus_bigtts",
      "id_male_bv160dialogue_uranus_bigtts",
      "id_male_bv160narration_uranus_bigtts",
      "id_female_bv161_uranus_bigtts",
      "id_female_bv161dialogue_uranus_bigtts",
      "id_female_bv161narration_uranus_bigtts",
      "id_female_bv164_uranus_bigtts",
      "id_male_bv164dialogue_uranus_bigtts",
      "id_male_bv164narration_uranus_bigtts",
      "id_female_f20_uranus_bigtts",
      "id_male_m08_uranus_bigtts",
      "id_female_phulia_uranus_bigtts",
      "pt_male_bv172_uranus_bigtts",
      "pt_male_bv172dialogue_uranus_bigtts",
      "pt_male_bv172emotion_uranus_bigtts",
      "pt_male_bv172narrator_uranus_bigtts",
      "pt_female_bv173_uranus_bigtts",
      "pt_female_bv173dialogue_uranus_bigtts",
      "pt_female_bv173emotion_uranus_bigtts",
      "pt_female_bv173narrator_uranus_bigtts",
      "pt_female_bv530_uranus_bigtts",
      "pt_male_bv531_uranus_bigtts",
      "pt_female_mari_uranus_bigtts",
      "pt_male_rael_uranus_bigtts",
      "ar_female_dina_uranus_bigtts",
      "ar_female_fatma_uranus_bigtts",
      "ar_male_youssef_uranus_bigtts",
      "tl_female_annika_uranus_bigtts",
      "tl_male_ed_uranus_bigtts",
      "tl_female_hervie_uranus_bigtts",
      "ko_male_bv545_uranus_bigtts",
      "ko_female_bv546_uranus_bigtts",
      "ko_male_m03_uranus_bigtts",
      "ko_male_shane_uranus_bigtts",
      "ms_male_ham_uranus_bigtts",
      "ms_male_naim_uranus_bigtts",
      "ru_female_af07_uranus_bigtts",
      "ru_female_irinae_uranus_bigtts",
      "ru_male_pavel_uranus_bigtts",
      "ru_female_sophie_uranus_bigtts",
      "ru_male_vlad_uranus_bigtts",
      "th_female_bv568_angry_uranus_bigtts",
      "th_female_bv568_fear_uranus_bigtts",
      "th_female_bv568_happy_uranus_bigtts",
      "th_female_bv568_hate_uranus_bigtts",
      "th_female_bv568_neutral_uranus_bigtts",
      "th_female_bv568_sad_uranus_bigtts",
      "th_female_bv568_suprise_uranus_bigtts",
      "vi_female_hong_uranus_bigtts",
      "vi_female_ling_uranus_bigtts",
      "vi_female_linh_uranus_bigtts",
      "vi_female_partner_uranus_bigtts",
      "vi_female_ruan_uranus_bigtts",
      "vi_female_wu_uranus_bigtts",
      "vi_male_wumg_uranus_bigtts",
      "eve",
      "ara",
      "rex",
      "sal",
      "leo",
      "victoria",
      "vincent",
      "clara",
      "drew",
      "skye",
      "max",
      "morgan",
      "felix",
      "mia",
      "marcus",
      "summer",
      "ruby",
      "aurora",
      "jasper",
      "adrian",
      "nina",
      "emma",
      "blake",
      "david",
      "maya",
      "nathan",
      "sam",
      "georgia",
      "petra",
      "adam",
      "zach",
      "violet",
      "roman",
      "luna",
      "Aoede",
      "Charon",
      "Fenrir",
      "Kore",
      "Leda",
      "Orus",
      "Puck",
      "Zephyr",
      "Achernar",
      "Achird",
      "Algenib",
      "Algieba",
      "Alnilam",
      "Autonoe",
      "Despina",
      "Enceladus",
      "Erinome",
      "Gacrux",
      "Iapetus",
      "Laomedeia",
      "Pulcherrima",
      "Rasalgethi",
      "Sadachbia",
      "Sadaltager",
      "Schedar",
      "Sulafat",
      "Umbriel",
      "Vindemiatrix",
      "Zubenelgenubi",
      "alloy",
      "ash",
      "ballad",
      "coral",
      "echo",
      "fable",
      "nova",
      "onyx",
      "sage",
      "shimmer",
      "verse",
      "JBFqnCBsd6RMkjVDRZzb",
      "EkK5I93UQWFDigLMpZcX",
      "RILOU7YmBhvwJGDGjNmP",
      "Z3R5wn05IrDiVCyEkUrK",
      "NNl6r8mD7vthiJatiJt1",
      "Bj9UqZbhQsanLzgalpEG",
      "exsUS4vynmxd379XN4yO",
      "BpjGufoPiobT79j2vtj4",
      "kdmDKE6EkgrWrrykO9Qt",
      "1SM7GgM6IMuvQlz2BwM3",
      "ouL9IsyrSnUkCmfnD02u",
      "5l5f8iK3YPeGga21rQIX",
      "scOwDtmlUjD3prqpp97I",
      "19STyYD15bswVz51nqLf",
      "BZgkqPqms7Kj9ulSkVzn",
      "wo6udizrrtpIxWGp2qJk",
      "yjJ45q8TVCrtMhEKurxY",
      "gU0LNdkMOQCOrPrwtbee",
      "DGzg6RaUqxGRTHSBjfgF",
      "x70vRnQBMBu4FAYhjJbO",
      "cca0e076-94b9-4c6d-86b7-546168f11174",
      "f493c663-b272-493e-8b78-72d2262a2a8d",
      "317bf805-4b42-417b-9474-10807e2f67c9",
      "3950360d-4810-4c65-a0b8-eb5b4b3b4231",
      "a6268eaf-976d-4d44-871d-57e1d58002c7",
      "84905ece-2420-47b5-b3d6-964e62200c73",
      "a44e2f09-6897-4e1e-8573-631207c53f6d",
      "8f7ad606-26df-400a-8336-e7162a977be7",
      "c8dab279-6c67-468c-977d-ce4081fa3936",
      "054c9aed-4786-4fa5-a317-09abd199e21f",
      "ef932845-cfe9-4748-a123-454664076938",
      "cfc8833a-dc45-40e9-9279-57cad23e3c09",
      "5d20dd0a-a781-43ea-b06c-56892a691715",
      "46ffc709-542b-409c-a8a9-aa5d3e0e1cfc",
      "e5a67eaf-6e5a-4488-9fb9-4806bd7fea54",
      "c01e9ac9-dc1b-4263-9b70-091f919c05f4",
      "d7eb91fb-c2a7-45fd-b65a-80b8b499be7f",
      "3f1e185f-6e91-4253-b94a-d8b53f6214be",
      "8288f28a-a3f4-4792-a26e-d762fc2263b9",
      "854eef1c-9aae-41ae-8849-2a32b9b349bb",
      "a5e830d5-e543-4250-9724-a24c452fa248",
      "15a92057-54a7-4bb8-979c-38f44581fb8c",
      "f57e9942-4d9e-4b05-8a0c-585359eef0dd",
      "965d9bd7-9e95-4cdd-a798-80a5233705bd",
      "66254e55-d74a-4b23-a12a-cccdd14a25a0",
      "8bab777e-1a1e-43d8-915d-eaafcb446e9d",
      "2d83227c-1abf-47c0-902d-f82448bdc598",
      "4a7876f0-5fb4-4ed8-a104-890bc30d9832",
      "f7f4fee8-845b-49d2-be7e-6ff7c8706b55",
      "b355a1d2-f989-4e62-a997-5de0bb2aa841",
      "ee89b03c-5275-488a-b5d2-ca5ca364e857",
      "fb9cc041-75e5-4ac5-ae7f-c763f1e54797",
      "c81384a9-3dce-48d2-bb5b-b0875f2db37e",
      "9e5001fa-5367-4f6d-a079-6bfc0ddbff69",
      "17486b3b-2ffb-43e7-9d81-3ed3d147a497",
      "44523faf-3c13-469e-961e-eb7c5496cb90",
      "350bf05c-7858-49c1-859e-ef1e657d43f2",
      "8788ac4f-2156-40ce-8030-7a9a0a9b9161",
      "348aff4f-dff7-4871-81d5-fc31c3d90ef6",
      "b976d8b2-e1f8-4c22-b6ba-87ce392f0f01",
      "0aef6559-9098-4860-8224-13e038ab3aef",
      "1e5d72bd-4a36-4abe-9b57-15dfc2b3841c",
      "20180bd3-4f7a-4d83-9599-9a40c282ef04",
      "66318ebc-62a9-437a-989a-9bd148ec829a",
      "dfa6d420-4742-452f-b2fb-5d7ba0c3852e",
      "9e9a769b-a283-4b03-93a5-bee4a5bd62bc",
      "2808aed4-85d9-4b61-87d9-daefdaad29af",
      "d8acc796-5d2c-475c-ae8e-2f1c8158490c",
      "059fee9c-51a5-4db9-8c8c-1ff1ede29cf1",
      "6d891f84-452e-4412-a72a-f00eea0f1fd7",
      "6112718a-871e-46f6-abb3-d0cdd1f4368a",
      "544ba1a4-4a04-4b93-9aaf-fadb09fed104",
      "9f5d9d57-b7bb-4ee3-b627-d7402ed00d15",
      "721d6b30-7601-4643-9447-6de1be2bd92e",
      "f161bd60-c617-44b0-8275-7f879c96e86c",
      "610df5e1-2fa1-42e8-8dcd-988d2ec2d8f3",
      "3f38104f-9327-4554-873d-7f092caf1256",
      "07c10ae2-0007-4551-841d-f8dcbee53433",
      "5f41badd-5f53-4460-a5b2-63dda5503490",
      "a8915cb1-a587-4313-841a-ddc74ff17050",
      "3010fa3f-897a-41e7-a426-a06f29f61f78",
      "8abd608c-b8d3-4193-8d54-9976911a337c",
      "43064fb0-6723-4f2c-a311-eaf6a5d2f0e5",
      "adf91049-3cab-4e62-b40c-be00fe34e0e6",
      "04da033a-8919-4553-8fc5-eb6869e0c0e1",
      "9f2e03d7-714d-48a5-a0e7-58c2b7efad23",
      "c1820aa0-467e-4b13-8f73-418f950dba51",
      "befbed31-f461-4bdc-8900-fe786fbeffc3",
      "d7979182-36b7-4ae5-8284-1962050da404",
      "0e8463d7-5e80-47bf-b900-3bbf4e3e564a",
      "b0641d1a-e342-41d0-8a56-63781d487ca3",
      "34123cc6-9377-4a13-8b4c-ed274cbe317a",
      "4c71b60f-357f-4569-9867-cd1ce4ff58c8",
      "d1a08ee2-2706-4743-898c-882238036c81",
      "c6db469b-929f-4066-896c-165f60d09162",
      "be6bbe5d-5f45-4ad8-bec9-ed6a7cdf5311",
      "aa40e5b8-af38-4f88-ab43-1fd5ca9749c6",
      "7cd2e6c8-a8f8-4115-a757-9397c0127e50",
      "7a3ef29d-8962-4722-adfb-fda21e0d821e",
      "13616e5f-6fda-4247-b548-8821cb71fb54",
      "041937f9-3a23-4eef-a206-7c1656243825",
      "fb8c1498-1d6b-446c-891e-163a79e6d817",
      "f912f511-6b44-46dd-bd40-be3031201561",
      "f5b7eb43-2365-410a-95e0-beb92768809c",
      "f26d400a-a7ff-4522-b098-485b2f34b123",
      "f26c8c45-049e-46c7-a6bd-b217d9255d3e",
      "ec82ea24-3249-4981-a28f-65a78d2a2cd0",
      "ec4f77d4-60fa-4707-a094-ad18fdfbaa97",
      "e8490197-0f00-4089-8b7f-e32f331a6edf",
      "e7e88155-71c0-4e51-a3b4-8022468f7eca",
      "e590a00d-1925-4759-aea8-21e3beabafac",
      "e4db0c1b-f72d-494c-baa8-43c44d5765b6",
      "e486f733-9769-4f8a-a8e2-d39e4e3eab81",
      "e0f39dc4-f691-4e78-bba5-5c636692cc04",
      "e098922a-9410-4d96-8e3c-402e26f7160b",
      "df05515b-b647-4b60-9387-b0642c51b235",
      "dd063dd5-c566-437e-b82a-a4f98eae1f38",
      "dbf08c3e-d33a-4afb-bdb3-0f024a687d19",
      "db21e50c-9c85-4177-9bb2-9bf177890e44",
      "d7114790-534e-4007-b80d-6d176230553c",
    ],
    "type": "option",
  },
  {
    "aliases": null,
    "allowNo": null,
    "char": null,
    "multiple": true,
    "name": "voice-list",
    "options": null,
    "type": "option",
  },
]
`;
